// Jest Snapshot v1, https://goo.gl/fbAQLP

exports[`<IssueHeader /> default props 1`] = `
<header
  className="issue-header"
>
  <div
    className="issue-header__title"
  >
    <h2>
      . 
    </h2>
    <h3 />
  </div>
  <div
    className="issue-header__state"
  >
    <h3 />
    <h3 />
    <time />
  </div>
</header>
`;
