// Jest Snapshot v1, https://goo.gl/fbAQLP

exports[`<Assemblies /> data 1`] = `
<ul
  className="list--separated"
>
  <li
    className="list__item"
  >
    <a
      aria-current={null}
      className="assembly-badge"
      href="/loggjafarthing/1"
      onClick={[Function]}
    >
      <div
        style={
          Object {
            "display": "flex",
          }
        }
      >
        <h3>
          1
        </h3>
        <time>
          2001
           
          -
           
          2001
        </time>
      </div>
      <ul
        className="list--horizontal"
      >
        <li
          className="list__item"
        >
          <div
            className="badge badge--sm"
            style={
              Object {
                "backgroundColor": "#123123",
              }
            }
            title="party"
          />
        </li>
      </ul>
    </a>
  </li>
</ul>
`;

exports[`<Assemblies /> default props 1`] = `
<ul
  className="list--separated"
/>
`;
