// Jest Snapshot v1, https://goo.gl/fbAQLP

exports[`<IssuesMenu /> data 1`] = `
Array [
  <h3
    className="headline-3"
  >
    Málstegund
  </h3>,
  <ul>
    <li>
      <a
        href="/loggjafarthing/1/thingmal?tegund=type"
        onClick={[Function]}
      >
        type name
      </a>
      sub type name
       - (
      1
      )
    </li>
  </ul>,
  <h3
    className="headline-3"
  >
    Efnisflokkar
  </h3>,
  <ul>
    <li>
      <a
        href="/loggjafarthing/1/thingmal?flokkur=undefined"
        onClick={[Function]}
      >
        title
      </a>
      (
      3
      )
    </li>
  </ul>,
]
`;

exports[`<IssuesMenu /> default props 1`] = `
Array [
  <h3
    className="headline-3"
  >
    Málstegund
  </h3>,
  <ul />,
  <h3
    className="headline-3"
  >
    Efnisflokkar
  </h3>,
  <ul />,
]
`;
